ltlfilt:err.in:1: parse error:
>>> F[
    ^^
missing closing bracket for F[.]

ltlfilt:err.in:2: parse error:
>>> F[3:1]
          ^
syntax error, unexpected end of formula

>>> F[3:1]
    ^^^^^^
missing right operand for "F[.] operator"

ltlfilt:err.in:3: parse error:
>>> F[3:1][2:1]
          ^
syntax error, unexpected invalid token

>>> F[3:1][2:1]
    ^^^^^^
missing right operand for "F[.] operator"

>>> F[3:1][2:1]
          ^^^^^
ignoring trailing garbage

ltlfilt:err.in:4: parse error:
>>> F[2]a
    ^^^^
F[n:m] expects two parameters

ltlfilt:err.in:5: parse error:
>>> F[2!]a
    ^^^^^
F[n:m!] expects two parameters

ltlfilt:err.in:6: parse error:
>>> F[a
      ^
syntax error, unexpected invalid token, expecting number for square bracket operator or end of formula

>>> F[a
    ^^^
missing closing bracket for F[.]

ltlfilt:err.in:7: parse error:
>>> G[2:4]
          ^
syntax error, unexpected end of formula

>>> G[2:4]
    ^^^^^^
missing right operand for "G[.] operator"

ltlfilt:err.in:8: parse error:
>>> G[2:.]a
        ^
syntax error, unexpected invalid token, expecting closing bracket or closing !]

>>> G[2:.]a
    ^^^^^^
treating this G[.] as a simple G

ltlfilt:err.in:9: parse error:
>>> G[4]a
    ^^^^
G[n:m] expects two parameters

ltlfilt:err.in:10: parse error:
>>> G[4!]a
    ^^^^^
G[n:m!] expects two parameters

ltlfilt:err.in:11: parse error:
>>> G[a
      ^
syntax error, unexpected invalid token, expecting number for square bracket operator or end of formula

>>> G[a
    ^^^
missing closing bracket for G[.]

ltlfilt:err.in:12: parse error:
>>> X[2
       ^
syntax error, unexpected end of formula, expecting closing bracket or closing !]

>>> X[2
    ^^^
missing closing bracket for X[.]

ltlfilt:err.in:13: parse error:
>>> X[2]
        ^
syntax error, unexpected end of formula

>>> X[2]
    ^^^^
missing right operand for "X[.] operator"

ltlfilt:err.in:14: parse error:
>>> X[2:3]
       ^
syntax error, unexpected separator for square bracket operator, expecting closing bracket or closing !]

>>> X[2:3]
    ^^^^^^
missing closing bracket for X[.]

ltlfilt:err.in:15: parse error:
>>> X[2:4]a
       ^
syntax error, unexpected separator for square bracket operator, expecting closing bracket or closing !]

>>> X[2:4]a
    ^^^^^^^
treating this X[.] as a simple X

ltlfilt:err.in:16: parse error:
>>> X[2:4!]a
       ^
syntax error, unexpected separator for square bracket operator, expecting closing bracket or closing !]

>>> X[2:4!]a
    ^^^^^^^^
treating this X[.!] as a simple X[!]

ltlfilt:err.in:17: parse error:
>>> X[a
      ^
syntax error, unexpected invalid token, expecting closing !] or number for square bracket operator or end of formula

>>> X[a
    ^^^
missing closing bracket for X[.]

ltlfilt:err.in:18: parse error:
>>> {a ## b}
       ^
syntax error, unexpected invalid token

>>> {a ## b}
       ^^^^
ignoring this

ltlfilt:err.in:19: parse error:
>>> {a ##7}
          ^
syntax error, unexpected closing brace

>>> {a ##7}
       ^^^
missing right operand for "SVA delay operator"

ltlfilt:err.in:20: parse error:
>>> {a ##[::] b}
           ^
syntax error, unexpected separator for square bracket operator, expecting closing bracket

>>> {a ##[::] b}
       ^^^^^^
treating this delay block as ##1

ltlfilt:err.in:21: parse error:
>>> {a ##[2:1] b}
     ^
reversed range

ltlfilt:err.in:22: parse error:
>>> {a ##[1:2]}
              ^
syntax error, unexpected closing brace

>>> {a ##[1:2]}
       ^^^^^^^
missing right operand for "SVA delay operator"

ltlfilt:err.in:23: parse error:
>>> {##[1:2]}
            ^
syntax error, unexpected closing brace

>>> {##[1:2]}
     ^^^^^^^
missing right operand for "SVA delay operator"

